// Jest Snapshot v1, https://goo.gl/fbAQLP

exports[`App matches snapshot 1`] = `
<Container
  className="main"
>
  <Row
    className="cards-row"
  >
    <Col>
      <UNDEFINED
        source="todo"
      />
    </Col>
    <Col>
      <UNDEFINED
        source="inprogress"
      />
    </Col>
    <Col>
      <UNDEFINED
        source="done"
      />
    </Col>
  </Row>
</Container>
`;
